[2026-09-21T03:14:47Z] === ENRICH ITERATION 1 START | repo=urllib3/urllib3 sha=21758b06 ===
[2026-09-21T03:14:47Z] [iter=1] PHASE START: enrich repo=urllib3/urllib3 sha=21758b06 runlog=/home/runner/work/forx/forx/storage/aggregate/lsp/logs/21758b06-enrich-iter-001.log output=/home/runner/work/forx/forx/storage/aggregate/lsp/21758b0694ea53b499e832a993e8d1ada01135b2.nq.gz
[2026-09-21T03:14:47Z] [iter=1] Step 1: Loading AST into disk-backed store mem_mb=78 MB
[2026-09-21T03:14:55Z] [iter=1] AST store loaded triples=818780 load_secs=8 mem_mb=793 MB
[2026-09-21T03:14:55Z] [iter=1] Step 2: Finding LSP targets mem_mb=793 MB
[2026-09-21T03:14:57Z] [iter=1] LSP targets found call_sites=5895 imports=0 extends=0 implements=0 secs=2
[2026-09-21T03:14:59Z] [iter=1] Step 2.7: Building position index (one-shot, shared across resolvers) mem_mb=793 MB
[2026-09-21T03:15:04Z] [iter=1] Position index built positions=55853 nodes_with_types=72776 secs=5 mem_mb=793 MB
[2026-09-21T03:15:04Z] [iter=1] Step 3: Starting LSP resolution mem_mb=793 MB already_completed_types=[] already_completed_files=0
[2026-09-21T03:15:04Z] [iter=1] Resolving target type target_type=call_site count=5895
[2026-09-21T03:15:24Z] [iter=1] HEARTBEAT target_type=call_site elapsed_min=0.6 files_done=1 resolved=34 errors=31 current=test/test_connectionpool.py
[2026-09-21T03:16:08Z] [iter=1] HEARTBEAT target_type=call_site elapsed_min=1.3 files_done=3 resolved=504 errors=121 current=test/test_response.py
[2026-09-21T03:16:39Z] [iter=1] HEARTBEAT target_type=call_site elapsed_min=1.9 files_done=8 resolved=1065 errors=194 current=src/urllib3/contrib/ntlmpool.py
[2026-09-21T03:18:05Z] [iter=1] HEARTBEAT target_type=call_site elapsed_min=3.3 files_done=14 resolved=1383 errors=439 current=src/urllib3/response.py
[2026-09-21T03:18:40Z] [iter=1] HEARTBEAT target_type=call_site elapsed_min=3.9 files_done=17 resolved=1657 errors=531 current=test/conftest.py
[2026-09-21T03:19:14Z] [iter=1] HEARTBEAT target_type=call_site elapsed_min=4.5 files_done=24 resolved=2308 errors=609 current=src/urllib3/_collections.py
[2026-09-21T03:19:46Z] [iter=1] HEARTBEAT target_type=call_site elapsed_min=5.0 files_done=29 resolved=2530 errors=685 current=test/test_fields.py
[2026-09-21T03:20:32Z] [iter=1] HEARTBEAT target_type=call_site elapsed_min=5.7 files_done=36 resolved=2700 errors=799 current=src/urllib3/util/url.py
[2026-09-21T03:21:07Z] [iter=1] HEARTBEAT target_type=call_site elapsed_min=6.3 files_done=42 resolved=2887 errors=889 current=src/urllib3/fields.py
[2026-09-21T03:21:37Z] [iter=1] HEARTBEAT target_type=call_site elapsed_min=6.8 files_done=55 resolved=3233 errors=959 current=test/contrib/test_securetransport.py
[2026-09-21T03:21:54Z] [iter=1] Target type resolved target_type=call_site resolved=3385 errors=1002 secs=410 mem_mb=793 MB
[2026-09-21T03:22:00Z] [iter=1] Step 5: Writing final enrichment file triples=53111
[2026-09-21T03:22:01Z] [iter=1] Enrichment file written path=/home/runner/work/forx/forx/storage/aggregate/lsp/21758b0694ea53b499e832a993e8d1ada01135b2.nq.gz size_kb=1065
[2026-09-21T03:22:01Z] [iter=1] PHASE END: enrich elapsed_s=434 elapsed_min=7.2 total_triples=53111
