[2026-09-19T14:58:23Z] === ENRICH ITERATION 1 START | repo=urllib3/urllib3 sha=2889596e ===
[2026-09-19T14:58:23Z] [iter=1] PHASE START: enrich repo=urllib3/urllib3 sha=2889596e runlog=/home/runner/work/forx/forx/storage/aggregate/lsp/logs/2889596e-enrich-iter-001.log output=/home/runner/work/forx/forx/storage/aggregate/lsp/2889596e309d30220d1f4ef2e80d4a92a906fa0a.nq.gz
[2026-09-19T14:58:33Z] [iter=1] Step 1: Loading AST into disk-backed store mem_mb=80 MB
[2026-09-19T14:58:45Z] [iter=1] AST store loaded triples=1040350 load_secs=11 mem_mb=886 MB
[2026-09-19T14:58:45Z] [iter=1] Step 2: Finding LSP targets mem_mb=886 MB
[2026-09-19T14:58:47Z] [iter=1] LSP targets found call_sites=6955 imports=31 extends=2 implements=0 secs=2
[2026-09-19T14:58:49Z] [iter=1] Step 2.7: Building position index (one-shot, shared across resolvers) mem_mb=886 MB
[2026-09-19T14:58:53Z] [iter=1] Position index built positions=69125 nodes_with_types=89983 secs=4 mem_mb=886 MB
[2026-09-19T14:58:53Z] [iter=1] Step 3: Starting LSP resolution mem_mb=886 MB already_completed_types=[] already_completed_files=0
[2026-09-19T14:58:53Z] [iter=1] Resolving target type target_type=call_site count=6955
[2026-09-19T14:59:04Z] [iter=1] HEARTBEAT target_type=call_site elapsed_min=0.7 files_done=1 resolved=450 errors=25 current=test/test_retry.py
[2026-09-19T14:59:36Z] [iter=1] HEARTBEAT target_type=call_site elapsed_min=1.2 files_done=4 resolved=1284 errors=103 current=src/urllib3/contrib/securetransport.py
[2026-09-19T15:00:07Z] [iter=1] HEARTBEAT target_type=call_site elapsed_min=1.7 files_done=6 resolved=1469 errors=215 current=src/urllib3/contrib/_securetransport/low_level.py
[2026-09-19T15:00:43Z] [iter=1] HEARTBEAT target_type=call_site elapsed_min=2.3 files_done=11 resolved=1682 errors=350 current=test/test_poolmanager.py
[2026-09-19T15:01:26Z] [iter=1] HEARTBEAT target_type=call_site elapsed_min=3.1 files_done=14 resolved=2686 errors=480 current=src/urllib3/response.py
[2026-09-19T15:01:59Z] [iter=1] HEARTBEAT target_type=call_site elapsed_min=3.6 files_done=18 resolved=3048 errors=595 current=test/contrib/test_socks.py
[2026-09-19T15:02:35Z] [iter=1] HEARTBEAT target_type=call_site elapsed_min=4.2 files_done=21 resolved=3335 errors=724 current=src/urllib3/util/request.py
[2026-09-19T15:03:06Z] [iter=1] HEARTBEAT target_type=call_site elapsed_min=4.7 files_done=27 resolved=3867 errors=834 current=test/with_dummyserver/test_connection.py
[2026-09-19T15:03:38Z] [iter=1] HEARTBEAT target_type=call_site elapsed_min=5.2 files_done=41 resolved=4276 errors=947 current=src/urllib3/exceptions.py
[2026-09-19T15:04:11Z] [iter=1] HEARTBEAT target_type=call_site elapsed_min=5.8 files_done=51 resolved=4555 errors=1066 current=src/urllib3/util/util.py
[2026-09-19T15:04:27Z] [iter=1] Target type resolved target_type=call_site resolved=4682 errors=1120 secs=335 mem_mb=886 MB
[2026-09-19T15:04:27Z] [iter=1] Resolving target type target_type=import_statement count=31
[2026-09-19T15:04:29Z] [iter=1] Target type resolved target_type=import_statement resolved=26 errors=0 secs=1 mem_mb=886 MB
[2026-09-19T15:04:29Z] [iter=1] Resolving target type target_type=extends_clause count=2
[2026-09-19T15:04:30Z] [iter=1] Target type resolved target_type=extends_clause resolved=2 errors=0 secs=1 mem_mb=886 MB
[2026-09-19T15:04:35Z] [iter=1] Step 5: Writing final enrichment file triples=67589
[2026-09-19T15:04:36Z] [iter=1] Enrichment file written path=/home/runner/work/forx/forx/storage/aggregate/lsp/2889596e309d30220d1f4ef2e80d4a92a906fa0a.nq.gz size_kb=1346
[2026-09-19T15:04:36Z] [iter=1] PHASE END: enrich elapsed_s=373 elapsed_min=6.2 total_triples=67589
