[2026-09-21T05:01:02Z] === ENRICH ITERATION 1 START | repo=urllib3/urllib3 sha=2a57bc57 ===
[2026-09-21T05:01:02Z] [iter=1] PHASE START: enrich repo=urllib3/urllib3 sha=2a57bc57 runlog=/home/runner/work/forx/forx/storage/aggregate/lsp/logs/2a57bc57-enrich-iter-001.log output=/home/runner/work/forx/forx/storage/aggregate/lsp/2a57bc5758075a9248cc0d87f66a2ff678338478.nq.gz
[2026-09-21T05:01:02Z] [iter=1] Step 1: Loading AST into disk-backed store mem_mb=79 MB
[2026-09-21T05:01:15Z] [iter=1] AST store loaded triples=812017 load_secs=13 mem_mb=793 MB
[2026-09-21T05:01:15Z] [iter=1] Step 2: Finding LSP targets mem_mb=793 MB
[2026-09-21T05:01:16Z] [iter=1] LSP targets found call_sites=5845 imports=266 extends=115 implements=0 secs=1
[2026-09-21T05:01:17Z] [iter=1] Step 2.7: Building position index (one-shot, shared across resolvers) mem_mb=793 MB
[2026-09-21T05:01:20Z] [iter=1] Position index built positions=55360 nodes_with_types=72125 secs=3 mem_mb=793 MB
[2026-09-21T05:01:20Z] [iter=1] Step 3: Starting LSP resolution mem_mb=793 MB already_completed_types=[] already_completed_files=0
[2026-09-21T05:01:20Z] [iter=1] Resolving target type target_type=call_site count=5845
[2026-09-21T05:01:35Z] [iter=1] HEARTBEAT target_type=call_site elapsed_min=0.6 files_done=3 resolved=505 errors=45 current=src/urllib3/util/url.py
[2026-09-21T05:02:10Z] [iter=1] HEARTBEAT target_type=call_site elapsed_min=1.1 files_done=10 resolved=906 errors=188 current=src/urllib3/connection.py
[2026-09-21T05:02:44Z] [iter=1] HEARTBEAT target_type=call_site elapsed_min=1.7 files_done=13 resolved=1324 errors=303 current=test/contrib/test_socks.py
[2026-09-21T05:03:32Z] [iter=1] HEARTBEAT target_type=call_site elapsed_min=2.5 files_done=17 resolved=1599 errors=532 current=test/test_poolmanager.py
[2026-09-21T05:04:07Z] [iter=1] HEARTBEAT target_type=call_site elapsed_min=3.1 files_done=27 resolved=2529 errors=673 current=src/urllib3/contrib/pyopenssl.py
[2026-09-21T05:04:52Z] [iter=1] HEARTBEAT target_type=call_site elapsed_min=3.8 files_done=40 resolved=2831 errors=873 current=test/contrib/test_securetransport.py
[2026-09-21T05:05:37Z] [iter=1] HEARTBEAT target_type=call_site elapsed_min=4.6 files_done=73 resolved=3342 errors=991 current=_travis/install.sh
[2026-09-21T05:05:38Z] [iter=1] Target type resolved target_type=call_site resolved=3342 errors=992 secs=258 mem_mb=793 MB
[2026-09-21T05:05:38Z] [iter=1] Resolving target type target_type=import_statement count=266
[2026-09-21T05:05:40Z] [iter=1] Target type resolved target_type=import_statement resolved=224 errors=0 secs=2 mem_mb=793 MB
[2026-09-21T05:05:40Z] [iter=1] Resolving target type target_type=extends_clause count=115
[2026-09-21T05:05:42Z] [iter=1] Target type resolved target_type=extends_clause resolved=112 errors=0 secs=2 mem_mb=793 MB
[2026-09-21T05:05:47Z] [iter=1] Step 5: Writing final enrichment file triples=54751
[2026-09-21T05:05:47Z] [iter=1] Enrichment file written path=/home/runner/work/forx/forx/storage/aggregate/lsp/2a57bc5758075a9248cc0d87f66a2ff678338478.nq.gz size_kb=1099
[2026-09-21T05:05:47Z] [iter=1] PHASE END: enrich elapsed_s=285 elapsed_min=4.8 total_triples=54751
