[2026-09-19T03:23:59Z] === ENRICH ITERATION 1 START | repo=urllib3/urllib3 sha=2f68c536 ===
[2026-09-19T03:23:59Z] [iter=1] PHASE START: enrich repo=urllib3/urllib3 sha=2f68c536 runlog=/home/runner/work/forx/forx/storage/aggregate/lsp/logs/2f68c536-enrich-iter-001.log output=/home/runner/work/forx/forx/storage/aggregate/lsp/2f68c5363ef632d73dd4d9300289d7ce5ff275b4.nq.gz
[2026-09-19T03:24:04Z] [iter=1] Step 1: Loading AST into disk-backed store mem_mb=79 MB
[2026-09-19T03:24:13Z] [iter=1] AST store loaded triples=1205012 load_secs=8 mem_mb=886 MB
[2026-09-19T03:24:13Z] [iter=1] Step 2: Finding LSP targets mem_mb=886 MB
[2026-09-19T03:24:17Z] [iter=1] LSP targets found call_sites=8159 imports=170 extends=19 implements=0 secs=4
[2026-09-19T03:24:20Z] [iter=1] Step 2.7: Building position index (one-shot, shared across resolvers) mem_mb=886 MB
[2026-09-19T03:24:27Z] [iter=1] Position index built positions=79997 nodes_with_types=104073 secs=7 mem_mb=886 MB
[2026-09-19T03:24:27Z] [iter=1] Step 3: Starting LSP resolution mem_mb=886 MB already_completed_types=[] already_completed_files=0
[2026-09-19T03:24:27Z] [iter=1] Resolving target type target_type=call_site count=8159
[2026-09-19T03:24:47Z] [iter=1] HEARTBEAT target_type=call_site elapsed_min=0.8 files_done=1 resolved=200 errors=31 current=test/with_dummyserver/test_connectionpool.py
[2026-09-19T03:25:45Z] [iter=1] HEARTBEAT target_type=call_site elapsed_min=1.8 files_done=3 resolved=742 errors=115 current=test/with_dummyserver/test_poolmanager.py
[2026-09-19T03:26:33Z] [iter=1] HEARTBEAT target_type=call_site elapsed_min=2.6 files_done=6 resolved=1115 errors=201 current=src/urllib3/util/timeout.py
[2026-09-19T03:27:20Z] [iter=1] HEARTBEAT target_type=call_site elapsed_min=3.3 files_done=9 resolved=1784 errors=279 current=test/with_dummyserver/test_socketlevel.py
[2026-09-19T03:28:35Z] [iter=1] HEARTBEAT target_type=call_site elapsed_min=4.6 files_done=10 resolved=2533 errors=404 current=dummyserver/app.py
[2026-09-19T03:29:13Z] [iter=1] HEARTBEAT target_type=call_site elapsed_min=5.2 files_done=13 resolved=2790 errors=474 current=src/urllib3/http2/connection.py
[2026-09-19T03:30:16Z] [iter=1] HEARTBEAT target_type=call_site elapsed_min=6.3 files_done=19 resolved=3542 errors=577 current=test/with_dummyserver/test_chunked_transfer.py
[2026-09-19T03:31:00Z] [iter=1] HEARTBEAT target_type=call_site elapsed_min=7.0 files_done=22 resolved=3816 errors=656 current=test/with_dummyserver/test_proxy_poolmanager.py
[2026-09-19T03:31:36Z] [iter=1] HEARTBEAT target_type=call_site elapsed_min=7.6 files_done=25 resolved=4079 errors=722 current=src/urllib3/contrib/emscripten/response.py
[2026-09-19T03:32:22Z] [iter=1] HEARTBEAT target_type=call_site elapsed_min=8.4 files_done=27 resolved=4246 errors=809 current=test/test_ssl.py
[2026-09-19T03:33:09Z] [iter=1] HEARTBEAT target_type=call_site elapsed_min=9.2 files_done=30 resolved=4401 errors=899 current=src/urllib3/util/url.py
[2026-09-19T03:33:40Z] [iter=1] HEARTBEAT target_type=call_site elapsed_min=9.7 files_done=31 resolved=4427 errors=957 current=src/urllib3/_request_methods.py
[2026-09-19T03:34:12Z] [iter=1] HEARTBEAT target_type=call_site elapsed_min=10.2 files_done=35 resolved=4552 errors=1015 current=docs/conf.py
[2026-09-19T03:34:54Z] [iter=1] HEARTBEAT target_type=call_site elapsed_min=10.9 files_done=42 resolved=4736 errors=1093 current=test/tz_stub.py
[2026-09-19T03:35:26Z] [iter=1] HEARTBEAT target_type=call_site elapsed_min=11.4 files_done=45 resolved=4803 errors=1155 current=dummyserver/asgi_proxy.py
[2026-09-19T03:36:04Z] [iter=1] HEARTBEAT target_type=call_site elapsed_min=12.1 files_done=48 resolved=4862 errors=1226 current=test/test_collections.py
[2026-09-19T03:37:15Z] [iter=1] HEARTBEAT target_type=call_site elapsed_min=13.3 files_done=50 resolved=4942 errors=1365 current=src/urllib3/util/request.py
[2026-09-19T03:37:47Z] [iter=1] HEARTBEAT target_type=call_site elapsed_min=13.8 files_done=57 resolved=5065 errors=1428 current=test/test_no_ssl.py
[2026-09-19T03:38:24Z] [iter=1] HEARTBEAT target_type=call_site elapsed_min=14.4 files_done=68 resolved=5214 errors=1499 current=src/urllib3/util/wait.py
[2026-09-19T03:38:39Z] [iter=1] Target type resolved target_type=call_site resolved=5248 errors=1518 secs=852 mem_mb=886 MB
[2026-09-19T03:38:39Z] [iter=1] Resolving target type target_type=import_statement count=170
[2026-09-19T03:38:43Z] [iter=1] Target type resolved target_type=import_statement resolved=154 errors=0 secs=3 mem_mb=886 MB
[2026-09-19T03:38:43Z] [iter=1] Resolving target type target_type=extends_clause count=19
[2026-09-19T03:38:44Z] [iter=1] Target type resolved target_type=extends_clause resolved=19 errors=0 secs=1 mem_mb=886 MB
[2026-09-19T03:38:53Z] [iter=1] Step 5: Writing final enrichment file triples=77730
[2026-09-19T03:38:55Z] [iter=1] Enrichment file written path=/home/runner/work/forx/forx/storage/aggregate/lsp/2f68c5363ef632d73dd4d9300289d7ce5ff275b4.nq.gz size_kb=1568
[2026-09-19T03:38:55Z] [iter=1] PHASE END: enrich elapsed_s=895 elapsed_min=14.9 total_triples=77730
