[2026-09-19T07:28:19Z] === ENRICH ITERATION 1 START | repo=urllib3/urllib3 sha=56f01e08 ===
[2026-09-19T07:28:19Z] [iter=1] PHASE START: enrich repo=urllib3/urllib3 sha=56f01e08 runlog=/home/runner/work/forx/forx/storage/aggregate/lsp/logs/56f01e08-enrich-iter-001.log output=/home/runner/work/forx/forx/storage/aggregate/lsp/56f01e088dc006c03d4ee6ea9da4ab810f1ed700.nq.gz
[2026-09-19T07:28:27Z] [iter=1] Step 1: Loading AST into disk-backed store mem_mb=79 MB
[2026-09-19T07:28:34Z] [iter=1] AST store loaded triples=1063194 load_secs=7 mem_mb=887 MB
[2026-09-19T07:28:34Z] [iter=1] Step 2: Finding LSP targets mem_mb=887 MB
[2026-09-19T07:28:38Z] [iter=1] LSP targets found call_sites=7111 imports=31 extends=2 implements=0 secs=3
[2026-09-19T07:28:40Z] [iter=1] Step 2.7: Building position index (one-shot, shared across resolvers) mem_mb=887 MB
[2026-09-19T07:28:47Z] [iter=1] Position index built positions=70643 nodes_with_types=91961 secs=6 mem_mb=887 MB
[2026-09-19T07:28:47Z] [iter=1] Step 3: Starting LSP resolution mem_mb=887 MB already_completed_types=[] already_completed_files=0
[2026-09-19T07:28:47Z] [iter=1] Resolving target type target_type=call_site count=7111
[2026-09-19T07:29:05Z] [iter=1] HEARTBEAT target_type=call_site elapsed_min=0.8 files_done=1 resolved=407 errors=16 current=test/contrib/test_socks.py
[2026-09-19T07:29:35Z] [iter=1] HEARTBEAT target_type=call_site elapsed_min=1.3 files_done=3 resolved=732 errors=77 current=test/test_collections.py
[2026-09-19T07:30:22Z] [iter=1] HEARTBEAT target_type=call_site elapsed_min=2.1 files_done=5 resolved=1049 errors=172 current=test/with_dummyserver/test_socketlevel.py
[2026-09-19T07:31:24Z] [iter=1] HEARTBEAT target_type=call_site elapsed_min=3.1 files_done=6 resolved=1730 errors=291 current=dummyserver/server.py
[2026-09-19T07:32:02Z] [iter=1] HEARTBEAT target_type=call_site elapsed_min=3.7 files_done=8 resolved=1905 errors=370 current=test/test_response.py
[2026-09-19T07:32:42Z] [iter=1] HEARTBEAT target_type=call_site elapsed_min=4.4 files_done=11 resolved=2561 errors=445 current=test/with_dummyserver/test_proxy_poolmanager.py
[2026-09-19T07:33:22Z] [iter=1] HEARTBEAT target_type=call_site elapsed_min=5.0 files_done=13 resolved=2889 errors=524 current=src/urllib3/contrib/pyopenssl.py
[2026-09-19T07:33:58Z] [iter=1] HEARTBEAT target_type=call_site elapsed_min=5.6 files_done=17 resolved=3253 errors=597 current=dummyserver/testcase.py
[2026-09-19T07:34:28Z] [iter=1] HEARTBEAT target_type=call_site elapsed_min=6.2 files_done=23 resolved=3740 errors=659 current=src/urllib3/connectionpool.py
[2026-09-19T07:35:05Z] [iter=1] HEARTBEAT target_type=call_site elapsed_min=6.8 files_done=24 resolved=3784 errors=740 current=src/urllib3/util/url.py
[2026-09-19T07:35:35Z] [iter=1] HEARTBEAT target_type=call_site elapsed_min=7.3 files_done=27 resolved=3896 errors=803 current=src/urllib3/_request_methods.py
[2026-09-19T07:36:17Z] [iter=1] HEARTBEAT target_type=call_site elapsed_min=8.0 files_done=34 resolved=4116 errors=894 current=test/with_dummyserver/test_chunked_transfer.py
[2026-09-19T07:36:50Z] [iter=1] HEARTBEAT target_type=call_site elapsed_min=8.5 files_done=38 resolved=4245 errors=967 current=src/urllib3/util/ssl_match_hostname.py
[2026-09-19T07:37:23Z] [iter=1] HEARTBEAT target_type=call_site elapsed_min=9.1 files_done=46 resolved=4481 errors=1036 current=dummyserver/proxy.py
[2026-09-19T07:37:53Z] [iter=1] HEARTBEAT target_type=call_site elapsed_min=9.6 files_done=53 resolved=4701 errors=1101 current=test/contrib/test_securetransport.py
[2026-09-19T07:38:14Z] [iter=1] Target type resolved target_type=call_site resolved=4789 errors=1145 secs=568 mem_mb=887 MB
[2026-09-19T07:38:14Z] [iter=1] Resolving target type target_type=import_statement count=31
[2026-09-19T07:38:16Z] [iter=1] Target type resolved target_type=import_statement resolved=26 errors=0 secs=1 mem_mb=887 MB
[2026-09-19T07:38:16Z] [iter=1] Resolving target type target_type=extends_clause count=2
[2026-09-19T07:38:17Z] [iter=1] Target type resolved target_type=extends_clause resolved=2 errors=0 secs=1 mem_mb=887 MB
[2026-09-19T07:38:24Z] [iter=1] Step 5: Writing final enrichment file triples=68964
[2026-09-19T07:38:25Z] [iter=1] Enrichment file written path=/home/runner/work/forx/forx/storage/aggregate/lsp/56f01e088dc006c03d4ee6ea9da4ab810f1ed700.nq.gz size_kb=1372
[2026-09-19T07:38:25Z] [iter=1] PHASE END: enrich elapsed_s=606 elapsed_min=10.1 total_triples=68964
