[2026-09-24T11:55:04Z] === ENRICH ITERATION 1 START | repo=urllib3/urllib3 sha=6b4ac9b6 ===
[2026-09-24T11:55:04Z] [iter=1] PHASE START: enrich repo=urllib3/urllib3 sha=6b4ac9b6 runlog=/home/runner/work/forx/forx/storage/aggregate/lsp/logs/6b4ac9b6-enrich-iter-001.log output=/home/runner/work/forx/forx/storage/aggregate/lsp/6b4ac9b6b973c405d3e58aaa4ef1ad86252208c0.nq.gz
[2026-09-24T11:55:04Z] [iter=1] Step 1: Loading AST into disk-backed store mem_mb=78 MB
[2026-09-24T11:55:11Z] [iter=1] AST store loaded triples=808806 load_secs=7 mem_mb=790 MB
[2026-09-24T11:55:11Z] [iter=1] Step 2: Finding LSP targets mem_mb=790 MB
[2026-09-24T11:55:13Z] [iter=1] LSP targets found call_sites=5806 imports=340 extends=174 implements=0 secs=2
[2026-09-24T11:55:15Z] [iter=1] Step 2.7: Building position index (one-shot, shared across resolvers) mem_mb=790 MB
[2026-09-24T11:55:20Z] [iter=1] Position index built positions=55148 nodes_with_types=71861 secs=5 mem_mb=790 MB
[2026-09-24T11:55:20Z] [iter=1] Step 3: Starting LSP resolution mem_mb=790 MB already_completed_types=[] already_completed_files=0
[2026-09-24T11:55:20Z] [iter=1] Resolving target type target_type=call_site count=5806
[2026-09-24T11:56:33Z] [iter=1] HEARTBEAT target_type=call_site elapsed_min=1.5 files_done=2 resolved=434 errors=200 current=test/with_dummyserver/test_proxy_poolmanager.py
[2026-09-24T11:57:15Z] [iter=1] HEARTBEAT target_type=call_site elapsed_min=2.2 files_done=5 resolved=937 errors=285 current=test/with_dummyserver/test_connectionpool.py
[2026-09-24T11:57:46Z] [iter=1] HEARTBEAT target_type=call_site elapsed_min=2.7 files_done=8 resolved=1304 errors=345 current=test/test_collections.py
[2026-09-24T11:58:23Z] [iter=1] HEARTBEAT target_type=call_site elapsed_min=3.3 files_done=13 resolved=1477 errors=435 current=test/test_util.py
[2026-09-24T11:58:59Z] [iter=1] HEARTBEAT target_type=call_site elapsed_min=3.9 files_done=17 resolved=1882 errors=526 current=src/urllib3/util/retry.py
[2026-09-24T11:59:36Z] [iter=1] HEARTBEAT target_type=call_site elapsed_min=4.5 files_done=19 resolved=1967 errors=622 current=src/urllib3/response.py
[2026-09-24T12:00:17Z] [iter=1] HEARTBEAT target_type=call_site elapsed_min=5.2 files_done=22 resolved=2153 errors=724 current=test/with_dummyserver/test_https.py
[2026-09-24T12:00:49Z] [iter=1] HEARTBEAT target_type=call_site elapsed_min=5.7 files_done=28 resolved=2525 errors=799 current=test/test_wait.py
[2026-09-24T12:01:24Z] [iter=1] HEARTBEAT target_type=call_site elapsed_min=6.3 files_done=38 resolved=2919 errors=892 current=test/test_fields.py
[2026-09-24T12:01:56Z] [iter=1] HEARTBEAT target_type=call_site elapsed_min=6.9 files_done=62 resolved=3282 errors=971 current=test/test_no_ssl.py
[2026-09-24T12:02:07Z] [iter=1] Target type resolved target_type=call_site resolved=3341 errors=990 secs=407 mem_mb=790 MB
[2026-09-24T12:02:07Z] [iter=1] Resolving target type target_type=import_statement count=340
[2026-09-24T12:02:10Z] [iter=1] Target type resolved target_type=import_statement resolved=281 errors=0 secs=3 mem_mb=790 MB
[2026-09-24T12:02:10Z] [iter=1] Resolving target type target_type=extends_clause count=174
[2026-09-24T12:02:13Z] [iter=1] Target type resolved target_type=extends_clause resolved=171 errors=0 secs=2 mem_mb=790 MB
[2026-09-24T12:02:19Z] [iter=1] Step 5: Writing final enrichment file triples=55185
[2026-09-24T12:02:19Z] [iter=1] Enrichment file written path=/home/runner/work/forx/forx/storage/aggregate/lsp/6b4ac9b6b973c405d3e58aaa4ef1ad86252208c0.nq.gz size_kb=1113
[2026-09-24T12:02:19Z] [iter=1] PHASE END: enrich elapsed_s=436 elapsed_min=7.3 total_triples=55185
