[2026-09-26T19:07:14Z] === ENRICH ITERATION 1 START | repo=urllib3/urllib3 sha=7e856c04 ===
[2026-09-26T19:07:14Z] [iter=1] PHASE START: enrich repo=urllib3/urllib3 sha=7e856c04 runlog=/home/runner/work/forx/forx/storage/aggregate/lsp/logs/7e856c04-enrich-iter-001.log output=/home/runner/work/forx/forx/storage/aggregate/lsp/7e856c04723036934fe314c63701466e4f42d2ee.nq.gz
[2026-09-26T19:07:14Z] [iter=1] Step 1: Loading AST into disk-backed store mem_mb=78 MB
[2026-09-26T19:07:21Z] [iter=1] AST store loaded triples=808792 load_secs=7 mem_mb=789 MB
[2026-09-26T19:07:21Z] [iter=1] Step 2: Finding LSP targets mem_mb=789 MB
[2026-09-26T19:07:24Z] [iter=1] LSP targets found call_sites=5808 imports=339 extends=174 implements=0 secs=2
[2026-09-26T19:07:25Z] [iter=1] Step 2.7: Building position index (one-shot, shared across resolvers) mem_mb=789 MB
[2026-09-26T19:07:30Z] [iter=1] Position index built positions=55146 nodes_with_types=71862 secs=5 mem_mb=789 MB
[2026-09-26T19:07:30Z] [iter=1] Step 3: Starting LSP resolution mem_mb=789 MB already_completed_types=[] already_completed_files=0
[2026-09-26T19:07:30Z] [iter=1] Resolving target type target_type=call_site count=5808
[2026-09-26T19:08:06Z] [iter=1] HEARTBEAT target_type=call_site elapsed_min=0.9 files_done=2 resolved=368 errors=69 current=src/urllib3/exceptions.py
[2026-09-26T19:08:37Z] [iter=1] HEARTBEAT target_type=call_site elapsed_min=1.4 files_done=6 resolved=922 errors=131 current=test/with_dummyserver/test_connectionpool.py
[2026-09-26T19:09:59Z] [iter=1] HEARTBEAT target_type=call_site elapsed_min=2.7 files_done=9 resolved=1527 errors=329 current=src/urllib3/contrib/_securetransport/low_level.py
[2026-09-26T19:10:40Z] [iter=1] HEARTBEAT target_type=call_site elapsed_min=3.4 files_done=17 resolved=1884 errors=434 current=src/urllib3/connectionpool.py
[2026-09-26T19:11:12Z] [iter=1] HEARTBEAT target_type=call_site elapsed_min=4.0 files_done=19 resolved=1935 errors=515 current=test/test_poolmanager.py
[2026-09-26T19:11:45Z] [iter=1] HEARTBEAT target_type=call_site elapsed_min=4.5 files_done=26 resolved=2217 errors=600 current=test/test_connectionpool.py
[2026-09-26T19:12:20Z] [iter=1] HEARTBEAT target_type=call_site elapsed_min=5.1 files_done=30 resolved=2423 errors=693 current=test/contrib/test_socks.py
[2026-09-26T19:12:55Z] [iter=1] HEARTBEAT target_type=call_site elapsed_min=5.7 files_done=36 resolved=2619 errors=781 current=src/urllib3/contrib/socks.py
[2026-09-26T19:13:26Z] [iter=1] HEARTBEAT target_type=call_site elapsed_min=6.2 files_done=45 resolved=2922 errors=866 current=src/urllib3/util/connection.py
[2026-09-26T19:14:08Z] [iter=1] HEARTBEAT target_type=call_site elapsed_min=6.9 files_done=63 resolved=3285 errors=967 current=docs/conf.py
[2026-09-26T19:14:21Z] [iter=1] Target type resolved target_type=call_site resolved=3341 errors=991 secs=411 mem_mb=789 MB
[2026-09-26T19:14:21Z] [iter=1] Resolving target type target_type=import_statement count=339
[2026-09-26T19:14:24Z] [iter=1] Target type resolved target_type=import_statement resolved=280 errors=0 secs=3 mem_mb=789 MB
[2026-09-26T19:14:24Z] [iter=1] Resolving target type target_type=extends_clause count=174
[2026-09-26T19:14:26Z] [iter=1] Target type resolved target_type=extends_clause resolved=171 errors=0 secs=2 mem_mb=789 MB
[2026-09-26T19:14:32Z] [iter=1] Step 5: Writing final enrichment file triples=55177
[2026-09-26T19:14:33Z] [iter=1] Enrichment file written path=/home/runner/work/forx/forx/storage/aggregate/lsp/7e856c04723036934fe314c63701466e4f42d2ee.nq.gz size_kb=1115
[2026-09-26T19:14:33Z] [iter=1] PHASE END: enrich elapsed_s=439 elapsed_min=7.3 total_triples=55177
