[2026-09-19T11:47:34Z] === ENRICH ITERATION 1 START | repo=urllib3/urllib3 sha=92196a0f ===
[2026-09-19T11:47:34Z] [iter=1] PHASE START: enrich repo=urllib3/urllib3 sha=92196a0f runlog=/home/runner/work/forx/forx/storage/aggregate/lsp/logs/92196a0f-enrich-iter-001.log output=/home/runner/work/forx/forx/storage/aggregate/lsp/92196a0f08b2c2139117546ccfbdd3429eb72469.nq.gz
[2026-09-19T11:47:43Z] [iter=1] Step 1: Loading AST into disk-backed store mem_mb=80 MB
[2026-09-19T11:47:50Z] [iter=1] AST store loaded triples=1053580 load_secs=7 mem_mb=887 MB
[2026-09-19T11:47:50Z] [iter=1] Step 2: Finding LSP targets mem_mb=887 MB
[2026-09-19T11:47:53Z] [iter=1] LSP targets found call_sites=7061 imports=31 extends=2 implements=0 secs=3
[2026-09-19T11:47:56Z] [iter=1] Step 2.7: Building position index (one-shot, shared across resolvers) mem_mb=887 MB
[2026-09-19T11:48:01Z] [iter=1] Position index built positions=69981 nodes_with_types=91095 secs=5 mem_mb=887 MB
[2026-09-19T11:48:01Z] [iter=1] Step 3: Starting LSP resolution mem_mb=887 MB already_completed_types=[] already_completed_files=0
[2026-09-19T11:48:01Z] [iter=1] Resolving target type target_type=call_site count=7061
[2026-09-19T11:48:33Z] [iter=1] HEARTBEAT target_type=call_site elapsed_min=1.0 files_done=1 resolved=124 errors=62 current=test/test_no_ssl.py
[2026-09-19T11:49:40Z] [iter=1] HEARTBEAT target_type=call_site elapsed_min=2.1 files_done=3 resolved=809 errors=185 current=test/with_dummyserver/test_https.py
[2026-09-19T11:50:13Z] [iter=1] HEARTBEAT target_type=call_site elapsed_min=2.6 files_done=4 resolved=1068 errors=247 current=src/urllib3/contrib/_securetransport/low_level.py
[2026-09-19T11:50:48Z] [iter=1] HEARTBEAT target_type=call_site elapsed_min=3.2 files_done=7 resolved=1981 errors=299 current=test/test_util.py
[2026-09-19T11:51:27Z] [iter=1] HEARTBEAT target_type=call_site elapsed_min=3.9 files_done=11 resolved=2478 errors=375 current=src/urllib3/filepost.py
[2026-09-19T11:52:01Z] [iter=1] HEARTBEAT target_type=call_site elapsed_min=4.5 files_done=16 resolved=2816 errors=442 current=src/urllib3/util/retry.py
[2026-09-19T11:52:45Z] [iter=1] HEARTBEAT target_type=call_site elapsed_min=5.2 files_done=22 resolved=3268 errors=529 current=src/urllib3/contrib/_securetransport/bindings.py
[2026-09-19T11:53:18Z] [iter=1] HEARTBEAT target_type=call_site elapsed_min=5.7 files_done=27 resolved=3448 errors=596 current=src/urllib3/poolmanager.py
[2026-09-19T11:54:03Z] [iter=1] HEARTBEAT target_type=call_site elapsed_min=6.5 files_done=31 resolved=3759 errors=691 current=src/urllib3/connectionpool.py
[2026-09-19T11:54:40Z] [iter=1] HEARTBEAT target_type=call_site elapsed_min=7.1 files_done=32 resolved=3803 errors=772 current=src/urllib3/contrib/pyopenssl.py
[2026-09-19T11:55:10Z] [iter=1] HEARTBEAT target_type=call_site elapsed_min=7.6 files_done=35 resolved=3957 errors=835 current=dummyserver/proxy.py
[2026-09-19T11:55:49Z] [iter=1] HEARTBEAT target_type=call_site elapsed_min=8.2 files_done=39 resolved=4197 errors=915 current=src/urllib3/contrib/socks.py
[2026-09-19T11:56:19Z] [iter=1] HEARTBEAT target_type=call_site elapsed_min=8.7 files_done=44 resolved=4337 errors=980 current=test/test_exceptions.py
[2026-09-19T11:56:51Z] [iter=1] HEARTBEAT target_type=call_site elapsed_min=9.3 files_done=46 resolved=4493 errors=1048 current=dummyserver/https_proxy.py
[2026-09-19T11:57:22Z] [iter=1] HEARTBEAT target_type=call_site elapsed_min=9.8 files_done=57 resolved=4685 errors=1113 current=src/urllib3/exceptions.py
[2026-09-19T11:57:31Z] [iter=1] Target type resolved target_type=call_site resolved=4766 errors=1129 secs=569 mem_mb=887 MB
[2026-09-19T11:57:31Z] [iter=1] Resolving target type target_type=import_statement count=31
[2026-09-19T11:57:32Z] [iter=1] Target type resolved target_type=import_statement resolved=26 errors=0 secs=1 mem_mb=887 MB
[2026-09-19T11:57:32Z] [iter=1] Resolving target type target_type=extends_clause count=2
[2026-09-19T11:57:33Z] [iter=1] Target type resolved target_type=extends_clause resolved=2 errors=0 secs=1 mem_mb=887 MB
[2026-09-19T11:57:40Z] [iter=1] Step 5: Writing final enrichment file triples=68573
[2026-09-19T11:57:41Z] [iter=1] Enrichment file written path=/home/runner/work/forx/forx/storage/aggregate/lsp/92196a0f08b2c2139117546ccfbdd3429eb72469.nq.gz size_kb=1363
[2026-09-19T11:57:41Z] [iter=1] PHASE END: enrich elapsed_s=607 elapsed_min=10.1 total_triples=68573
