[2026-09-20T06:24:09Z] === ENRICH ITERATION 1 START | repo=urllib3/urllib3 sha=969fd395 ===
[2026-09-20T06:24:09Z] [iter=1] PHASE START: enrich repo=urllib3/urllib3 sha=969fd395 runlog=/home/runner/work/forx/forx/storage/aggregate/lsp/logs/969fd395-enrich-iter-001.log output=/home/runner/work/forx/forx/storage/aggregate/lsp/969fd3957a652ebe90bfe60483a478ad8b88f44a.nq.gz
[2026-09-20T06:24:09Z] [iter=1] Step 1: Loading AST into disk-backed store mem_mb=78 MB
[2026-09-20T06:24:17Z] [iter=1] AST store loaded triples=942159 load_secs=8 mem_mb=835 MB
[2026-09-20T06:24:17Z] [iter=1] Step 2: Finding LSP targets mem_mb=835 MB
[2026-09-20T06:24:20Z] [iter=1] LSP targets found call_sites=6912 imports=0 extends=0 implements=0 secs=3
[2026-09-20T06:24:22Z] [iter=1] Step 2.7: Building position index (one-shot, shared across resolvers) mem_mb=835 MB
[2026-09-20T06:24:27Z] [iter=1] Position index built positions=64085 nodes_with_types=83527 secs=6 mem_mb=835 MB
[2026-09-20T06:24:27Z] [iter=1] Step 3: Starting LSP resolution mem_mb=835 MB already_completed_types=[] already_completed_files=0
[2026-09-20T06:24:27Z] [iter=1] Resolving target type target_type=call_site count=6912
[2026-09-20T06:24:52Z] [iter=1] HEARTBEAT target_type=call_site elapsed_min=0.7 files_done=1 resolved=94 errors=45 current=src/urllib3/contrib/securetransport.py
[2026-09-20T06:26:24Z] [iter=1] HEARTBEAT target_type=call_site elapsed_min=2.3 files_done=3 resolved=248 errors=272 current=test/test_retry.py
[2026-09-20T06:26:57Z] [iter=1] HEARTBEAT target_type=call_site elapsed_min=2.8 files_done=7 resolved=868 errors=329 current=test/with_dummyserver/test_socketlevel.py
[2026-09-20T06:27:40Z] [iter=1] HEARTBEAT target_type=call_site elapsed_min=3.5 files_done=8 resolved=1260 errors=410 current=test/test_poolmanager.py
[2026-09-20T06:28:26Z] [iter=1] HEARTBEAT target_type=call_site elapsed_min=4.3 files_done=15 resolved=1685 errors=507 current=test/with_dummyserver/test_proxy_poolmanager.py
[2026-09-20T06:28:57Z] [iter=1] HEARTBEAT target_type=call_site elapsed_min=4.8 files_done=21 resolved=2166 errors=567 current=test/with_dummyserver/test_poolmanager.py
[2026-09-20T06:29:29Z] [iter=1] HEARTBEAT target_type=call_site elapsed_min=5.3 files_done=23 resolved=2364 errors=640 current=test/test_retry_deprecated.py
[2026-09-20T06:30:18Z] [iter=1] HEARTBEAT target_type=call_site elapsed_min=6.1 files_done=28 resolved=2968 errors=723 current=src/urllib3/response.py
[2026-09-20T06:31:01Z] [iter=1] HEARTBEAT target_type=call_site elapsed_min=6.9 files_done=33 resolved=3132 errors=817 current=test/test_wait.py
[2026-09-20T06:31:34Z] [iter=1] HEARTBEAT target_type=call_site elapsed_min=7.4 files_done=39 resolved=3351 errors=890 current=test/with_dummyserver/test_chunked_transfer.py
[2026-09-20T06:32:17Z] [iter=1] HEARTBEAT target_type=call_site elapsed_min=8.1 files_done=45 resolved=3515 errors=992 current=test/test_ssl.py
[2026-09-20T06:32:48Z] [iter=1] HEARTBEAT target_type=call_site elapsed_min=8.6 files_done=55 resolved=3779 errors=1061 current=src/urllib3/contrib/appengine.py
[2026-09-20T06:33:21Z] [iter=1] HEARTBEAT target_type=call_site elapsed_min=9.2 files_done=67 resolved=3919 errors=1142 current=src/urllib3/filepost.py
[2026-09-20T06:33:29Z] [iter=1] Target type resolved target_type=call_site resolved=3999 errors=1158 secs=541 mem_mb=835 MB
[2026-09-20T06:33:35Z] [iter=1] Step 5: Writing final enrichment file triples=61266
[2026-09-20T06:33:36Z] [iter=1] Enrichment file written path=/home/runner/work/forx/forx/storage/aggregate/lsp/969fd3957a652ebe90bfe60483a478ad8b88f44a.nq.gz size_kb=1232
[2026-09-20T06:33:36Z] [iter=1] PHASE END: enrich elapsed_s=567 elapsed_min=9.5 total_triples=61266
