[2026-09-20T13:10:10Z] === ENRICH ITERATION 1 START | repo=urllib3/urllib3 sha=9b95f29c ===
[2026-09-20T13:10:10Z] [iter=1] PHASE START: enrich repo=urllib3/urllib3 sha=9b95f29c runlog=/home/runner/work/forx/forx/storage/aggregate/lsp/logs/9b95f29c-enrich-iter-001.log output=/home/runner/work/forx/forx/storage/aggregate/lsp/9b95f29c575d73260ec4f5a8c0ea368cf242019e.nq.gz
[2026-09-20T13:10:10Z] [iter=1] Step 1: Loading AST into disk-backed store mem_mb=78 MB
[2026-09-20T13:10:23Z] [iter=1] AST store loaded triples=824670 load_secs=12 mem_mb=794 MB
[2026-09-20T13:10:23Z] [iter=1] Step 2: Finding LSP targets mem_mb=794 MB
[2026-09-20T13:10:24Z] [iter=1] LSP targets found call_sites=5929 imports=0 extends=0 implements=0 secs=1
[2026-09-20T13:10:25Z] [iter=1] Step 2.7: Building position index (one-shot, shared across resolvers) mem_mb=794 MB
[2026-09-20T13:10:28Z] [iter=1] Position index built positions=56251 nodes_with_types=73299 secs=2 mem_mb=794 MB
[2026-09-20T13:10:28Z] [iter=1] Step 3: Starting LSP resolution mem_mb=794 MB already_completed_types=[] already_completed_files=0
[2026-09-20T13:10:28Z] [iter=1] Resolving target type target_type=call_site count=5929
[2026-09-20T13:10:43Z] [iter=1] HEARTBEAT target_type=call_site elapsed_min=0.5 files_done=2 resolved=141 errors=61 current=src/urllib3/contrib/securetransport.py
[2026-09-20T13:11:17Z] [iter=1] HEARTBEAT target_type=call_site elapsed_min=1.1 files_done=8 resolved=909 errors=204 current=src/urllib3/util/retry.py
[2026-09-20T13:11:47Z] [iter=1] HEARTBEAT target_type=call_site elapsed_min=1.6 files_done=21 resolved=2164 errors=327 current=test/test_collections.py
[2026-09-20T13:12:19Z] [iter=1] HEARTBEAT target_type=call_site elapsed_min=2.1 files_done=25 resolved=2394 errors=469 current=test/contrib/test_pyopenssl_dependencies.py
[2026-09-20T13:12:49Z] [iter=1] HEARTBEAT target_type=call_site elapsed_min=2.6 files_done=27 resolved=2506 errors=650 current=dummyserver/handlers.py
[2026-09-20T13:13:22Z] [iter=1] HEARTBEAT target_type=call_site elapsed_min=3.2 files_done=35 resolved=2842 errors=805 current=test/port_helpers.py
[2026-09-20T13:13:54Z] [iter=1] HEARTBEAT target_type=call_site elapsed_min=3.7 files_done=56 resolved=3278 errors=955 current=test/conftest.py
[2026-09-20T13:14:04Z] [iter=1] Target type resolved target_type=call_site resolved=3405 errors=1003 secs=216 mem_mb=794 MB
[2026-09-20T13:14:08Z] [iter=1] Step 5: Writing final enrichment file triples=53428
[2026-09-20T13:14:08Z] [iter=1] Enrichment file written path=/home/runner/work/forx/forx/storage/aggregate/lsp/9b95f29c575d73260ec4f5a8c0ea368cf242019e.nq.gz size_kb=1071
[2026-09-20T13:14:08Z] [iter=1] PHASE END: enrich elapsed_s=238 elapsed_min=4.0 total_triples=53428
