[2026-09-19T18:37:19Z] === ENRICH ITERATION 1 START | repo=urllib3/urllib3 sha=9c2c2307 ===
[2026-09-19T18:37:19Z] [iter=1] PHASE START: enrich repo=urllib3/urllib3 sha=9c2c2307 runlog=/home/runner/work/forx/forx/storage/aggregate/lsp/logs/9c2c2307-enrich-iter-001.log output=/home/runner/work/forx/forx/storage/aggregate/lsp/9c2c2307dd1d6af504e09aac0326d86ee3597a0b.nq.gz
[2026-09-19T18:37:19Z] [iter=1] Step 1: Loading AST into disk-backed store mem_mb=78 MB
[2026-09-19T18:37:32Z] [iter=1] AST store loaded triples=997150 load_secs=13 mem_mb=884 MB
[2026-09-19T18:37:32Z] [iter=1] Step 2: Finding LSP targets mem_mb=884 MB
[2026-09-19T18:37:34Z] [iter=1] LSP targets found call_sites=7260 imports=0 extends=0 implements=0 secs=2
[2026-09-19T18:37:36Z] [iter=1] Step 2.7: Building position index (one-shot, shared across resolvers) mem_mb=884 MB
[2026-09-19T18:37:39Z] [iter=1] Position index built positions=67910 nodes_with_types=88430 secs=3 mem_mb=884 MB
[2026-09-19T18:37:39Z] [iter=1] Step 3: Starting LSP resolution mem_mb=884 MB already_completed_types=[] already_completed_files=0
[2026-09-19T18:37:39Z] [iter=1] Resolving target type target_type=call_site count=7260
[2026-09-19T18:37:50Z] [iter=1] HEARTBEAT target_type=call_site elapsed_min=0.5 files_done=1 resolved=410 errors=16 current=test/test_exceptions.py
[2026-09-19T18:38:35Z] [iter=1] HEARTBEAT target_type=call_site elapsed_min=1.3 files_done=5 resolved=1090 errors=154 current=test/test_ssltransport.py
[2026-09-19T18:39:11Z] [iter=1] HEARTBEAT target_type=call_site elapsed_min=1.9 files_done=8 resolved=1588 errors=284 current=src/urllib3/connection.py
[2026-09-19T18:40:11Z] [iter=1] HEARTBEAT target_type=call_site elapsed_min=2.9 files_done=14 resolved=2009 errors=514 current=test/contrib/test_socks.py
[2026-09-19T18:40:42Z] [iter=1] HEARTBEAT target_type=call_site elapsed_min=3.4 files_done=18 resolved=2571 errors=605 current=dummyserver/server.py
[2026-09-19T18:41:18Z] [iter=1] HEARTBEAT target_type=call_site elapsed_min=4.0 files_done=23 resolved=2770 errors=736 current=test/test_connectionpool.py
[2026-09-19T18:41:55Z] [iter=1] HEARTBEAT target_type=call_site elapsed_min=4.6 files_done=28 resolved=2968 errors=862 current=dummyserver/proxy.py
[2026-09-19T18:42:28Z] [iter=1] HEARTBEAT target_type=call_site elapsed_min=5.2 files_done=38 resolved=3499 errors=982 current=src/urllib3/poolmanager.py
[2026-09-19T18:43:00Z] [iter=1] HEARTBEAT target_type=call_site elapsed_min=5.7 files_done=41 resolved=3613 errors=1085 current=src/urllib3/packages/backports/weakref_finalize.py
[2026-09-19T18:43:33Z] [iter=1] HEARTBEAT target_type=call_site elapsed_min=6.2 files_done=62 resolved=4073 errors=1187 current=test/contrib/test_pyopenssl_dependencies.py
[2026-09-19T18:43:40Z] [iter=1] Target type resolved target_type=call_site resolved=4200 errors=1210 secs=361 mem_mb=884 MB
[2026-09-19T18:43:44Z] [iter=1] Step 5: Writing final enrichment file triples=64050
[2026-09-19T18:43:45Z] [iter=1] Enrichment file written path=/home/runner/work/forx/forx/storage/aggregate/lsp/9c2c2307dd1d6af504e09aac0326d86ee3597a0b.nq.gz size_kb=1294
[2026-09-19T18:43:45Z] [iter=1] PHASE END: enrich elapsed_s=386 elapsed_min=6.4 total_triples=64050
