[2026-09-19T12:24:36Z] === ENRICH ITERATION 1 START | repo=urllib3/urllib3 sha=b234aaf7 ===
[2026-09-19T12:24:36Z] [iter=1] PHASE START: enrich repo=urllib3/urllib3 sha=b234aaf7 runlog=/home/runner/work/forx/forx/storage/aggregate/lsp/logs/b234aaf7-enrich-iter-001.log output=/home/runner/work/forx/forx/storage/aggregate/lsp/b234aaf7ccbcb64012d8b33d21eb8bc9f768935d.nq.gz
[2026-09-19T12:24:43Z] [iter=1] Step 1: Loading AST into disk-backed store mem_mb=79 MB
[2026-09-19T12:24:50Z] [iter=1] AST store loaded triples=1049795 load_secs=6 mem_mb=887 MB
[2026-09-19T12:24:50Z] [iter=1] Step 2: Finding LSP targets mem_mb=887 MB
[2026-09-19T12:24:53Z] [iter=1] LSP targets found call_sites=7046 imports=31 extends=2 implements=0 secs=3
[2026-09-19T12:24:56Z] [iter=1] Step 2.7: Building position index (one-shot, shared across resolvers) mem_mb=887 MB
[2026-09-19T12:25:02Z] [iter=1] Position index built positions=69712 nodes_with_types=90741 secs=6 mem_mb=887 MB
[2026-09-19T12:25:02Z] [iter=1] Step 3: Starting LSP resolution mem_mb=887 MB already_completed_types=[] already_completed_files=0
[2026-09-19T12:25:02Z] [iter=1] Resolving target type target_type=call_site count=7046
[2026-09-19T12:25:15Z] [iter=1] HEARTBEAT target_type=call_site elapsed_min=0.7 files_done=1 resolved=204 errors=17 current=test/with_dummyserver/test_connectionpool.py
[2026-09-19T12:26:06Z] [iter=1] HEARTBEAT target_type=call_site elapsed_min=1.5 files_done=4 resolved=988 errors=97 current=test/test_response.py
[2026-09-19T12:26:46Z] [iter=1] HEARTBEAT target_type=call_site elapsed_min=2.2 files_done=7 resolved=1527 errors=173 current=test/with_dummyserver/test_socketlevel.py
[2026-09-19T12:27:48Z] [iter=1] HEARTBEAT target_type=call_site elapsed_min=3.2 files_done=8 resolved=2208 errors=292 current=test/test_connection.py
[2026-09-19T12:28:20Z] [iter=1] HEARTBEAT target_type=call_site elapsed_min=3.7 files_done=14 resolved=2635 errors=355 current=test/conftest.py
[2026-09-19T12:29:05Z] [iter=1] HEARTBEAT target_type=call_site elapsed_min=4.5 files_done=16 resolved=2782 errors=451 current=src/urllib3/response.py
[2026-09-19T12:29:55Z] [iter=1] HEARTBEAT target_type=call_site elapsed_min=5.3 files_done=18 resolved=2962 errors=558 current=dummyserver/handlers.py
[2026-09-19T12:30:38Z] [iter=1] HEARTBEAT target_type=call_site elapsed_min=6.0 files_done=22 resolved=3256 errors=650 current=src/urllib3/util/wait.py
[2026-09-19T12:31:21Z] [iter=1] HEARTBEAT target_type=call_site elapsed_min=6.8 files_done=25 resolved=3532 errors=739 current=test/test_connectionpool.py
[2026-09-19T12:32:18Z] [iter=1] HEARTBEAT target_type=call_site elapsed_min=7.7 files_done=30 resolved=3963 errors=860 current=dummyserver/testcase.py
[2026-09-19T12:32:55Z] [iter=1] HEARTBEAT target_type=call_site elapsed_min=8.3 files_done=34 resolved=4094 errors=940 current=dummyserver/https_proxy.py
[2026-09-19T12:33:30Z] [iter=1] HEARTBEAT target_type=call_site elapsed_min=8.9 files_done=40 resolved=4291 errors=1017 current=noxfile.py
[2026-09-19T12:34:07Z] [iter=1] HEARTBEAT target_type=call_site elapsed_min=9.5 files_done=53 resolved=4567 errors=1093 current=test/test_fields.py
[2026-09-19T12:34:26Z] [iter=1] Target type resolved target_type=call_site resolved=4748 errors=1130 secs=564 mem_mb=887 MB
[2026-09-19T12:34:26Z] [iter=1] Resolving target type target_type=import_statement count=31
[2026-09-19T12:34:27Z] [iter=1] Target type resolved target_type=import_statement resolved=26 errors=0 secs=1 mem_mb=887 MB
[2026-09-19T12:34:27Z] [iter=1] Resolving target type target_type=extends_clause count=2
[2026-09-19T12:34:28Z] [iter=1] Target type resolved target_type=extends_clause resolved=2 errors=0 secs=1 mem_mb=887 MB
[2026-09-19T12:34:35Z] [iter=1] Step 5: Writing final enrichment file triples=68365
[2026-09-19T12:34:36Z] [iter=1] Enrichment file written path=/home/runner/work/forx/forx/storage/aggregate/lsp/b234aaf7ccbcb64012d8b33d21eb8bc9f768935d.nq.gz size_kb=1360
[2026-09-19T12:34:36Z] [iter=1] PHASE END: enrich elapsed_s=601 elapsed_min=10.0 total_triples=68365
