[2026-09-19T21:52:26Z] === ENRICH ITERATION 1 START | repo=urllib3/urllib3 sha=f96a1cfc ===
[2026-09-19T21:52:26Z] [iter=1] PHASE START: enrich repo=urllib3/urllib3 sha=f96a1cfc runlog=/home/runner/work/forx/forx/storage/aggregate/lsp/logs/f96a1cfc-enrich-iter-001.log output=/home/runner/work/forx/forx/storage/aggregate/lsp/f96a1cfc568beddf1e17ce7609609eca40780be5.nq.gz
[2026-09-19T21:52:26Z] [iter=1] Step 1: Loading AST into disk-backed store mem_mb=78 MB
[2026-09-19T21:52:33Z] [iter=1] AST store loaded triples=983646 load_secs=7 mem_mb=870 MB
[2026-09-19T21:52:33Z] [iter=1] Step 2: Finding LSP targets mem_mb=870 MB
[2026-09-19T21:52:36Z] [iter=1] LSP targets found call_sites=7186 imports=0 extends=0 implements=0 secs=3
[2026-09-19T21:52:38Z] [iter=1] Step 2.7: Building position index (one-shot, shared across resolvers) mem_mb=870 MB
[2026-09-19T21:52:45Z] [iter=1] Position index built positions=66958 nodes_with_types=87220 secs=6 mem_mb=870 MB
[2026-09-19T21:52:45Z] [iter=1] Step 3: Starting LSP resolution mem_mb=870 MB already_completed_types=[] already_completed_files=0
[2026-09-19T21:52:45Z] [iter=1] Resolving target type target_type=call_site count=7186
[2026-09-19T21:53:02Z] [iter=1] HEARTBEAT target_type=call_site elapsed_min=0.6 files_done=2 resolved=39 errors=31 current=src/urllib3/util/ssl_.py
[2026-09-19T21:53:37Z] [iter=1] HEARTBEAT target_type=call_site elapsed_min=1.2 files_done=5 resolved=689 errors=86 current=test/with_dummyserver/test_socketlevel.py
[2026-09-19T21:54:23Z] [iter=1] HEARTBEAT target_type=call_site elapsed_min=2.0 files_done=6 resolved=1104 errors=169 current=src/urllib3/connection.py
[2026-09-19T21:54:55Z] [iter=1] HEARTBEAT target_type=call_site elapsed_min=2.5 files_done=10 resolved=1647 errors=232 current=test/test_no_ssl.py
[2026-09-19T21:55:35Z] [iter=1] HEARTBEAT target_type=call_site elapsed_min=3.2 files_done=15 resolved=2089 errors=318 current=src/urllib3/packages/backports/makefile.py
[2026-09-19T21:56:14Z] [iter=1] HEARTBEAT target_type=call_site elapsed_min=3.8 files_done=18 resolved=2203 errors=406 current=test/contrib/test_socks.py
[2026-09-19T21:57:53Z] [iter=1] HEARTBEAT target_type=call_site elapsed_min=5.5 files_done=20 resolved=2410 errors=635 current=test/test_collections.py
[2026-09-19T21:58:28Z] [iter=1] HEARTBEAT target_type=call_site elapsed_min=6.0 files_done=25 resolved=2760 errors=710 current=test/with_dummyserver/test_proxy_poolmanager.py
[2026-09-19T21:59:26Z] [iter=1] HEARTBEAT target_type=call_site elapsed_min=7.0 files_done=29 resolved=3070 errors=827 current=src/urllib3/util/ssl_match_hostname.py
[2026-09-19T22:00:04Z] [iter=1] HEARTBEAT target_type=call_site elapsed_min=7.6 files_done=34 resolved=3318 errors=911 current=src/urllib3/contrib/_securetransport/low_level.py
[2026-09-19T22:00:36Z] [iter=1] HEARTBEAT target_type=call_site elapsed_min=8.2 files_done=41 resolved=3569 errors=979 current=test/test_proxymanager.py
[2026-09-19T22:01:14Z] [iter=1] HEARTBEAT target_type=call_site elapsed_min=8.8 files_done=48 resolved=3743 errors=1046 current=test/tz_stub.py
[2026-09-19T22:01:51Z] [iter=1] HEARTBEAT target_type=call_site elapsed_min=9.4 files_done=52 resolved=3882 errors=1127 current=src/urllib3/fields.py
[2026-09-19T22:02:21Z] [iter=1] HEARTBEAT target_type=call_site elapsed_min=9.9 files_done=72 resolved=4111 errors=1195 current=test/with_dummyserver/test_no_ssl.py
[2026-09-19T22:02:23Z] [iter=1] Target type resolved target_type=call_site resolved=4149 errors=1199 secs=579 mem_mb=870 MB
[2026-09-19T22:02:30Z] [iter=1] Step 5: Writing final enrichment file triples=63199
[2026-09-19T22:02:31Z] [iter=1] Enrichment file written path=/home/runner/work/forx/forx/storage/aggregate/lsp/f96a1cfc568beddf1e17ce7609609eca40780be5.nq.gz size_kb=1271
[2026-09-19T22:02:31Z] [iter=1] PHASE END: enrich elapsed_s=605 elapsed_min=10.1 total_triples=63199
